Hitachi Optimizing Linkage Editor (Ver. 7.1.03.000)30-Jun-2021 04:53:55

*** Options ***

-subcommand=C:\Users\LXB\AppData\Local\Temp\hmk7CA5.tmp
noprelink
sdebug
rom D=R
nomessage
list "C:\Users\LXB\Desktop\touhou\BadApple\Debug\FXADDINror.map"
show symbol
nooptimize
start P_TOP,P,C,D,C$VTBL,C$INIT/0300200,B_BR_Size,B,R/08100000
fsymbol P
nologo
input "C:\Users\LXB\Desktop\touhou\BadApple\Debug\BadApple.obj"
input "C:\Users\LXB\Desktop\CASIO\SDK\OS\FX\lib\setup.obj"
library "C:\Users\LXB\Desktop\CASIO\SDK\OS\FX\lib\fx9860G_library.lib"
output "C:\Users\LXB\Desktop\touhou\BadApple\Debug\FXADDINror.abs"
-nomessage=1100
end

*** Error information ***

*** Mapping List ***

SECTION                            START      END         SIZE   ALIGN

P_TOP
                                  00300200  0030020b         c   4
P
                                  0030020c  0030151f      1314   4
C
                                  00301520  00301593        74   4
D
                                  00301594  003018ab       318   4
B_BR_Size
                                  08100000  08100003         4   4
B
                                  08100004  0810002b        28   4
R
                                  0810002c  08100343       318   4

*** Symbol List ***

SECTION=
FILE=                               START        END    SIZE
  SYMBOL                            ADDR        SIZE    INFO      COUNTS  OPT

SECTION=P_TOP
FILE=C:\Users\LXB\Desktop\touhou\BadApple\Debug\BadApple.obj
                                  00300200  0030020b         c
  _InitializeSystem
                                  00300200         c   func ,g         * 

SECTION=P
FILE=C:\Users\LXB\Desktop\touhou\BadApple\Debug\BadApple.obj
                                  0030020c  00300723       518
  _full
                                  0030020c         e   func ,l         * 
  _rle_dec
                                  0030021a       160   func ,l         * 
  _rle_dec_d
                                  0030037a       122   func ,l         * 
  _full_rle
                                  0030049c        66   func ,l         * 
  _delta
                                  00300502        7a   func ,l         * 
  _fill
                                  0030057c        12   func ,l         * 
  _decode
                                  0030058e        38   func ,l         * 
  _quit
                                  003005c6        12   func ,l         * 
  _step_frame
                                  003005d8        78   func ,l         * 
  _AddIn_main
                                  00300650        d4   func ,g         * 
FILE=C:\Users\LXB\Desktop\CASIO\SDK\OS\FX\lib\setup.obj
                                  00300724  0030083f       11c
  ___LINK_PROTECT
                                  00300724         4   func ,g         * 
  _SetQuitHandler
                                  00300728         6   func ,g         * 
  _OnAppCloseDefault
                                  0030072e        54   func ,g         * 
  __INITSCT_ADDIN
                                  00300782        48   func ,g         * 
  _INIT_ADDIN_APPLICATION
                                  003007ca        76   func ,g         * 
FILE=__q_fmvn
                                  00300840  003008e3        a4
  __quick_evn_mvn
                                  00300840         0   none ,g         * 
  __quick_odd_mvn
                                  0030084c         0   none ,g         * 
  A_FMVN_TBL
                                  00300858         0   none ,l         * 
  FMVN_64
                                  0030085e         0   none ,l         * 
  FMVN_60
                                  00300862         0   none ,l         * 
  FMVN_56
                                  00300866         0   none ,l         * 
  FMVN_52
                                  0030086a         0   none ,l         * 
  FMVN_48
                                  0030086e         0   none ,l         * 
  FMVN_44
                                  00300872         0   none ,l         * 
  FMVN_40
                                  00300876         0   none ,l         * 
  FMVN_36
                                  0030087a         0   none ,l         * 
  FMVN_32
                                  0030087e         0   none ,l         * 
  FMVN_28
                                  00300882         0   none ,l         * 
  FMVN_24
                                  00300886         0   none ,l         * 
  FMVN_20
                                  0030088a         0   none ,l         * 
  FMVN_16
                                  0030088e         0   none ,l         * 
  FMVN_12
                                  00300892         0   none ,l         * 
  FMVN_8
                                  00300896         0   none ,l         * 
  FMVN_4
                                  0030089a         0   none ,l         * 
  FMVN_0
                                  0030089c         0   none ,l         * 
  FMVN_TBL
                                  003008a0         0   none ,l         * 
FILE=memset
                                  003008e4  003008fb        18
  _memset
                                  003008e4        18   func ,g         * 
FILE=_Bdel_cychdr
                                  003008fc  0030090b        10
  _Bdel_cychdr
                                  003008fc         0   none ,g         * 
FILE=_Bdisp_AllClr_DDVRAM
                                  0030090c  0030091b        10
  _Bdisp_AllClr_DDVRAM
                                  0030090c         0   none ,g         * 
FILE=_Bdisp_PutDisp_DD
                                  0030091c  0030092b        10
  _Bdisp_PutDisp_DD
                                  0030091c         0   none ,g         * 
FILE=_Bdisp_WriteGraph_VRAM
                                  0030092c  0030093b        10
  _Bdisp_WriteGraph_VRAM
                                  0030092c         0   none ,g         * 
FILE=_BfileFLS_CloseFile
                                  0030093c  0030094b        10
  _BfileFLS_CloseFile
                                  0030093c         0   none ,g         * 
FILE=_Bkey_Set_RepeatTime_Default
                                  0030094c  0030095b        10
  _Bkey_Set_RepeatTime_Default
                                  0030094c         0   none ,g         * 
FILE=_CallbackAtQuitMainFunction
                                  0030095c  0030096b        10
  _CallbackAtQuitMainFunction
                                  0030095c         0   none ,g         * 
FILE=_flsFindClose
                                  0030096c  0030097b        10
  _flsFindClose
                                  0030096c         0   none ,g         * 
FILE=_getkey
                                  0030097c  0030098b        10
  _GetKey
                                  0030097c         0   none ,g         * 
FILE=_GLibAddinAplExecutionCheck
                                  0030098c  0030099b        10
  _GLibAddinAplExecutionCheck
                                  0030098c         0   none ,g         * 
FILE=_Hmem_SetMMU
                                  0030099c  003009ab        10
  _Hmem_SetMMU
                                  0030099c         0   none ,g         * 
FILE=filebios
                                  003009ac  003010db       730
  _BfileMCS_GetFileHandle
                                  003009ac        6e   func ,g         * 
  _Bfile_CloseFile
                                  00300a1a        6e   func ,g         * 
  _BfileMCS_HandleCheck
                                  00300a88        40   func ,g         * 
  _MCSFile_InitAll
                                  00300ac8        3c   func ,g         * 
  _Bfile_ReadFile
                                  00300b04        e8   func ,g         * 
  _Bfile_WriteFile
                                  00300bec        de   func ,g         * 
  _Bfile_SeekFile
                                  00300cca        6a   func ,g         * 
  _Bfile_OpenMainMemory
                                  00300d34        42   func ,g         * 
  _Bfile_OpenFile
                                  00300d76         6   func ,g         * 
  _Bfile_GetMediaFree
                                  00300d7c        cc   func ,g         * 
  _Bfile_GetFileSize
                                  00300e48        7a   func ,g         * 
  _Bfile_CreateMainMemory
                                  00300ec2        84   func ,g         * 
  _Bfile_CreateFile
                                  00300f46        16   func ,g         * 
  _Bfile_CreateDirectory
                                  00300f5c         8   func ,g         * 
  _Bfile_RenameMainMemory
                                  00300f64        6a   func ,g         * 
  _Bfile_DeleteMainMemory
                                  00300fce        6a   func ,g         * 
  _Bfile_DeleteFile
                                  00301038        40   func ,g         * 
  _Bfile_DeleteDirectory
                                  00301078        64   func ,g         * 
FILE=timer
                                  003010dc  003011db       100
  _GetSDKLibraryVersion
                                  003010dc         6   func ,g         * 
  _SetTimer
                                  003010e2        54   func ,g         * 
  _KillTimer
                                  00301136        44   func ,g         * 
  _Sleep
                                  0030117a        62   func ,g         * 
FILE=__divls
                                  003011dc  0030128f        b4
  __divls
                                  003011dc         0   none ,g         * 
  divls_zero
                                  0030127a         0   none ,l         * 
  A_errno
                                  00301288         0   none ,l         * 
  n_zerono
                                  0030128c         0   none ,l         * 
FILE=__modls
                                  00301290  00301357        c8
  __modls
                                  00301290         0   none ,g         * 
  modls_L
                                  00301336         0   none ,l         * 
  modls_zero
                                  00301342         0   none ,l         * 
  A_errno
                                  00301350         0   none ,l         * 
  n_zerono
                                  00301354         0   none ,l         * 
FILE=__s_mvn
                                  00301358  0030138f        38
  __slow_mvn
                                  00301358         0   none ,g         * 
  SMVN_B
                                  00301366         0   none ,l         * 
  SMVN_END
                                  00301388         0   none ,l         * 
FILE=strncmp
                                  00301390  003013cd        3e
  _strncmp
                                  00301390        3e   func ,g         * 
FILE=_Bcre_cychdr
                                  003013d0  003013df        10
  _Bcre_cychdr
                                  003013d0         0   none ,g         * 
FILE=_Bfile_CloseFile
                                  003013e0  003013ef        10
  _Bfile_CloseFile_OS
                                  003013e0         0   none ,g         * 
FILE=_Bfile_CreateEntry
                                  003013f0  003013ff        10
  _Bfile_CreateEntry
                                  003013f0         0   none ,g         * 
FILE=_Bfile_DeleteEntry
                                  00301400  0030140f        10
  _Bfile_DeleteEntry
                                  00301400         0   none ,g         * 
FILE=_Bfile_GetFileSize
                                  00301410  0030141f        10
  _Bfile_GetFileSize_OS
                                  00301410         0   none ,g         * 
FILE=_Bfile_GetMediaFree
                                  00301420  0030142f        10
  _Bfile_GetMediaFree_OS
                                  00301420         0   none ,g         * 
FILE=_Bfile_OpenFile
                                  00301430  0030143f        10
  _Bfile_OpenFile_OS
                                  00301430         0   none ,g         * 
FILE=_Bfile_ReadFile
                                  00301440  0030144f        10
  _Bfile_ReadFile_OS
                                  00301440         0   none ,g         * 
FILE=_Bfile_SeekFile
                                  00301450  0030145f        10
  _Bfile_SeekFile_OS
                                  00301450         0   none ,g         * 
FILE=_Bfile_WriteFile
                                  00301460  0030146f        10
  _Bfile_WriteFile_OS
                                  00301460         0   none ,g         * 
FILE=_BMCSRenameVariable
                                  00301470  0030147f        10
  _BMCSRenameVariable
                                  00301470         0   none ,g         * 
FILE=_BSrl_DummyWAIT
                                  00301480  0030148f        10
  _BSrl_DummyWAIT
                                  00301480         0   none ,g         * 
FILE=_Bsta_cychdr
                                  00301490  0030149f        10
  _Bsta_cychdr
                                  00301490         0   none ,g         * 
FILE=_Bstp_cychdr
                                  003014a0  003014af        10
  _Bstp_cychdr
                                  003014a0         0   none ,g         * 
FILE=_GetAppName
                                  003014b0  003014bf        10
  _GetAppName
                                  003014b0         0   none ,g         * 
FILE=_MCSDelVar2
                                  003014c0  003014cf        10
  _MCSDelVar2
                                  003014c0         0   none ,g         * 
FILE=_MCSGetCapa
                                  003014d0  003014df        10
  _MCSGetCapa
                                  003014d0         0   none ,g         * 
FILE=_MCSGetData1
                                  003014e0  003014ef        10
  _MCSGetData1
                                  003014e0         0   none ,g         * 
FILE=_MCSGetDlen2
                                  003014f0  003014ff        10
  _MCSGetDlen2
                                  003014f0         0   none ,g         * 
FILE=_MCSOvwDat2
                                  00301500  0030150f        10
  _MCSOvwDat2
                                  00301500         0   none ,g         * 
FILE=_MCSPutVar2
                                  00301510  0030151f        10
  _MCSPutVar2
                                  00301510         0   none ,g         * 

SECTION=C
FILE=C:\Users\LXB\Desktop\touhou\BadApple\Debug\BadApple.obj
                                  00301520  0030155b        3c
  _file_name_sd
                                  00301520        1e   data ,g         * 
  _file_name_mm
                                  0030153e        1e   data ,g         * 
FILE=addin_sct
                                  0030155c  0030156f        14
  _B_BGN
                                  0030155c         0   none ,g         * 
  _B_END
                                  00301560         0   none ,g         * 
  _R_BGN
                                  00301564         0   none ,g         * 
  _R_END
                                  00301568         0   none ,g         * 
  _D_ROM
                                  0030156c         0   none ,g         * 

SECTION=B_BR_Size
FILE=C:\Users\LXB\Desktop\touhou\BadApple\Debug\BadApple.obj
                                  08100000  08100003         4
  _BR_Size
                                  08100000         4   data ,g         * 

SECTION=B
FILE=C:\Users\LXB\Desktop\touhou\BadApple\Debug\BadApple.obj
                                  08100004  08100027        24
  _screen
                                  08100004         c   data ,l         * 
  _area
                                  08100010        18   data ,l         * 
FILE=_errno
                                  08100028  0810002b         4
  __errno
                                  08100028         4   data ,g         * 

SECTION=R
FILE=C:\Users\LXB\Desktop\touhou\BadApple\Debug\BadApple.obj
                                  0810002c  081002db       2b0
  _vram
                                  0810002c       280   data ,l         * 
  _buf
                                  081002ac        28   data ,l         * 
  _pixels
                                  081002d4         2   data ,l         * 
  _f
                                  081002d8         4   data ,l         * 
FILE=C:\Users\LXB\Desktop\CASIO\SDK\OS\FX\lib\setup.obj
                                  081002dc  081002df         4
  _gb_OnAppClose
                                  081002dc         4   data ,g         * 
FILE=filebios
                                  081002e0  08100343        64
  _MCSpt
                                  081002e0        64   data ,g         * 

Absolute value symbols
FILE=_Bdel_cychdr
  __JumpTableTOP
                                  80010070         0   none ,l         * 
FILE=_Bdisp_AllClr_DDVRAM
  __JumpTableTOP
                                  80010070         0   none ,l         * 
FILE=_Bdisp_PutDisp_DD
  __JumpTableTOP
                                  80010070         0   none ,l         * 
FILE=_Bdisp_WriteGraph_VRAM
  __JumpTableTOP
                                  80010070         0   none ,l         * 
FILE=_BfileFLS_CloseFile
  __JumpTableTOP
                                  80010070         0   none ,l         * 
FILE=_Bkey_Set_RepeatTime_Default
  __JumpTableTOP
                                  80010070         0   none ,l         * 
FILE=_CallbackAtQuitMainFunction
  __JumpTableTOP
                                  80010070         0   none ,l         * 
FILE=_flsFindClose
  __JumpTableTOP
                                  80010070         0   none ,l         * 
FILE=_getkey
  __JumpTableTOP
                                  80010070         0   none ,l         * 
FILE=_GLibAddinAplExecutionCheck
  __JumpTableTOP
                                  80010070         0   none ,l         * 
FILE=_Hmem_SetMMU
  __JumpTableTOP
                                  80010070         0   none ,l         * 
FILE=__divls
  zerodiv
                                  0000044e         0   none ,l         * 
FILE=__modls
  zerodiv
                                  0000044e         0   none ,l         * 
FILE=_Bcre_cychdr
  __JumpTableTOP
                                  80010070         0   none ,l         * 
FILE=_Bfile_CloseFile
  __JumpTableTOP
                                  80010070         0   none ,l         * 
FILE=_Bfile_CreateEntry
  __JumpTableTOP
                                  80010070         0   none ,l         * 
FILE=_Bfile_DeleteEntry
  __JumpTableTOP
                                  80010070         0   none ,l         * 
FILE=_Bfile_GetFileSize
  __JumpTableTOP
                                  80010070         0   none ,l         * 
FILE=_Bfile_GetMediaFree
  __JumpTableTOP
                                  80010070         0   none ,l         * 
FILE=_Bfile_OpenFile
  __JumpTableTOP
                                  80010070         0   none ,l         * 
FILE=_Bfile_ReadFile
  __JumpTableTOP
                                  80010070         0   none ,l         * 
FILE=_Bfile_SeekFile
  __JumpTableTOP
                                  80010070         0   none ,l         * 
FILE=_Bfile_WriteFile
  __JumpTableTOP
                                  80010070         0   none ,l         * 
FILE=_BMCSRenameVariable
  __JumpTableTOP
                                  80010070         0   none ,l         * 
FILE=_BSrl_DummyWAIT
  __JumpTableTOP
                                  80010070         0   none ,l         * 
FILE=_Bsta_cychdr
  __JumpTableTOP
                                  80010070         0   none ,l         * 
FILE=_Bstp_cychdr
  __JumpTableTOP
                                  80010070         0   none ,l         * 
FILE=_GetAppName
  __JumpTableTOP
                                  80010070         0   none ,l         * 
FILE=_MCSDelVar2
  __JumpTableTOP
                                  80010070         0   none ,l         * 
FILE=_MCSGetCapa
  __JumpTableTOP
                                  80010070         0   none ,l         * 
FILE=_MCSGetData1
  __JumpTableTOP
                                  80010070         0   none ,l         * 
FILE=_MCSGetDlen2
  __JumpTableTOP
                                  80010070         0   none ,l         * 
FILE=_MCSOvwDat2
  __JumpTableTOP
                                  80010070         0   none ,l         * 
FILE=_MCSPutVar2
  __JumpTableTOP
                                  80010070         0   none ,l         * 

*** Delete Symbols ***

SYMBOL                                SIZE    INFO

*** Variable Accessible with Abs8 ***

SYMBOL                                SIZE    COUNTS  OPTIMIZE

*** Variable Accessible with Abs16 ***

SYMBOL                                SIZE    COUNTS  OPTIMIZE

*** Function Call ***

SYMBOL                              COUNTS  OPTIMIZE
